
> next-app@1.0.0 build
> next build

Ôû▓ Next.js 16.2.1 (Turbopack)
- Environments: .env.local, .env.production, .env
- Experiments (use with caution):
  ┬À serverActions

node.exe : ÔÜá The "middleware" file 
convention is deprecated. Please use 
"proxy" instead. Learn more: https://nextj
s.org/docs/messages/middleware-to-proxy
No linha:1 caractere:1
+ & "C:\Program Files\nodejs/node.exe" 
"C:\Program Files\nodejs/node_mo ...
+ ~~~~~~~~~~~~~~~~~~~~~~~~~~~~~~~~~~~~~~~~
~~~~~~~~~~~~~~~~~~~~~~~~~~~~~
    + CategoryInfo          : NotSpecifie 
   d: (ÔÜá The "middle...leware-to-proxy  
  :String) [], RemoteException
    + FullyQualifiedErrorId : NativeComma 
   ndError
 
  Creating an optimized production build ...
Ô£ô Compiled successfully in 7.8s
  Running TypeScript ...
Failed to type check.

.next/dev/types/validator.ts:215:1
Type error: Cannot find name 'e'.

  [90m213 |[0m   [36mtype[0m __Unused 
= __Check
  [90m214 |[0m }
[31m[1m>[0m [90m215 |[0m e.tsx
  [90m    |[0m [31m[1m^[0m
  [90m216 |[0m {
  [90m217 |[0m   [36mtype[0m 
__IsExpected<[33mSpecific[0m 
[36mextends[0m [33mAppPageConfig[0m<[
32m"/imoveis-terrasul"[0m>> = 
[33mSpecific[0m
  [90m218 |[0m   [36mconst[0m handler 
= {} [36mas[0m [36mtypeof[0m [36mimpo
rt[0m([32m"../../../src/app/imoveis-terr
asul/page.js"[0m)
Next.js build worker exited with code: 1 
and signal: null
